[1m[33mNG02801: Angular detected that `HttpClient` is not configured to use `fetch` APIs. It's strongly recommended to enable `fetch` for applications that use Server-Side Rendering for better performance and compatibility. To enable `fetch`, add the `withFetch()` to the `provideHttpClient()` call at the root of the application.[39m[22m
[1m[31mERROR: Bad Request ("http://localhost:4200/contact").
Header "host" with value "localhost:4200" is not allowed.

For more information, see https://angular.dev/best-practices/security#preventing-server-side-request-forgery-ssrf[39m[22m
[1m[31mERROR: Bad Request ("http://localhost:4200/contact").
Header "host" with value "localhost:4200" is not allowed.

For more information, see https://angular.dev/best-practices/security#preventing-server-side-request-forgery-ssrf[39m[22m
[1m[31mERROR: Bad Request ("http://localhost:4200/favicon.ico").
Header "host" with value "localhost:4200" is not allowed.

For more information, see https://angular.dev/best-practices/security#preventing-server-side-request-forgery-ssrf[39m[22m
[1m[31mERROR: Bad Request ("http://localhost:4200/contact").
Header "host" with value "localhost:4200" is not allowed.

For more information, see https://angular.dev/best-practices/security#preventing-server-side-request-forgery-ssrf[39m[22m
[1m[31mERROR: Bad Request ("http://localhost:4200/favicon.ico").
Header "host" with value "localhost:4200" is not allowed.

For more information, see https://angular.dev/best-practices/security#preventing-server-side-request-forgery-ssrf[39m[22m
[1m[31mERROR: Bad Request ("http://localhost:4200/contact").
Header "host" with value "localhost:4200" is not allowed.

For more information, see https://angular.dev/best-practices/security#preventing-server-side-request-forgery-ssrf[39m[22m
[1m[31mERROR: Bad Request ("http://localhost:4200/favicon.ico").
Header "host" with value "localhost:4200" is not allowed.

For more information, see https://angular.dev/best-practices/security#preventing-server-side-request-forgery-ssrf[39m[22m
[1m[31mERROR: Bad Request ("http://localhost:4200/favicon.ico").
Header "host" with value "localhost:4200" is not allowed.

For more information, see https://angular.dev/best-practices/security#preventing-server-side-request-forgery-ssrf[39m[22m
[1m[31mERROR: Bad Request ("http://localhost:4200/home").
Header "host" with value "localhost:4200" is not allowed.

For more information, see https://angular.dev/best-practices/security#preventing-server-side-request-forgery-ssrf[39m[22m
[1m[31mERROR: Bad Request ("http://localhost:4200/favicon.ico").
Header "host" with value "localhost:4200" is not allowed.

For more information, see https://angular.dev/best-practices/security#preventing-server-side-request-forgery-ssrf[39m[22m
